// Vitest Snapshot v1, https://vitest.dev/guide/snapshot.html

exports[`FilterSelect > should match snapshot 1`] = `
<div>
  <select
    class="filter-select"
    placeholder="Select a color"
  >
    <option
      value="test"
    >
      Test
    </option>
    <option
      value="test2"
    >
      Test2
    </option>
  </select>
</div>
`;

exports[`FilterSelect > should render 1`] = `
<div>
  <select
    class="filter-select"
    placeholder="Select a color"
  >
    <option
      value="test"
    >
      Test
    </option>
    <option
      value="test2"
    >
      Test2
    </option>
  </select>
</div>
`;
